.data

empty_BBS:

.text

  jal Main
  li $v0 10
  syscall

Main:
  sw $fp -8($sp)
  move $fp $sp
  subu $sp $sp 8
  sw $ra -4($fp)
  li $a0 8
  jal _heapAlloc
  sw $t9 0($t0)
  bnez $t0 null1
  la $a0 _str0
  j _error
null1:
  move $a0 $t0
  li $a1 10
  jal BBS.Start
  move $t0 $v0
  move $a0 $t0
  jal _print
  lw $ra -4($fp)
  lw $fp -8($fp)
  addu $sp $sp 8
  jr $ra

BBS.Start:
  sw $fp -8($sp)
  move $fp $sp
  subu $sp $sp 12
  sw $ra -4($fp)
  sw $s0 0($sp)
  move $s0 $a0
  move $t0 $a1
  move $a0 $s0
  move $a1 $t0
  jal BBS.Init
  move $a0 $s0
  jal BBS.Print
  li $a0 99999
  jal _print
  move $a0 $s0
  jal BBS.Sort
  move $a0 $s0
  jal BBS.Print
  li $v0 0
  lw $s0 0($sp)
  lw $ra -4($fp)
  lw $fp -8($fp)
  addu $sp $sp 12
  jr $ra

BBS.Sort:
  sw $fp -8($sp)
  move $fp $sp
  subu $sp $sp 8
  sw $ra -4($fp)
  move $t0 $a0
  lw $t1 0($t0)
  subu $t1 $t1 1
  subu $t2 0 1
while1_top:
  slti $t3 $t2 $t1
  beqz $t3 while1_end
  li $t3 1
while2_top:
  addu $t4 $t1 1
  slti $t4 $t3 $t4
  beqz $t4 while2_end
  subu $t4 $t3 1
  lw $t5 0($t0)
  sw $t9 0($t0)
  bnez $t0 null2
  la $a0 _str0
  j _error
null2:
  lw $t6 0($t5)
  move $a0 $t4
  move $a1 $t6
  sw $t9 0($t0)
  bnez $t0 bounds1
  j _error
bounds1:
  mul $t6 $t4 4
  addu $t6 $t6 $t5
  lw $t6 0($t6)
  lw $t5 0($t0)
  sw $t9 0($t0)
  bnez $t0 null3
  la $a0 _str0
  j _error
null3:
  lw $t4 0($t5)
  move $a0 $t3
  move $a1 $t4
  sw $t9 0($t0)
  bnez $t0 bounds2
  j _error
bounds2:
  mul $t4 $t3 4
  addu $t4 $t4 $t5
  lw $t4 0($t4)
  slti $t4 $t4 $t6
  beqz $t4 if1_else
  subu $t4 $t3 1
  lw $t6 0($t0)
  sw $t9 0($t0)
  bnez $t0 null4
  la $a0 _str0
  j _error
null4:
  lw $t5 0($t6)
  move $a0 $t4
  move $a1 $t5
  sw $t9 0($t0)
  bnez $t0 bounds3
  j _error
bounds3:
  mul $t5 $t4 4
  addu $t5 $t5 $t6
  lw $t5 0($t5)
  lw $t6 0($t0)
  sw $t9 0($t0)
  bnez $t0 null5
  la $a0 _str0
  j _error
null5:
  lw $t7 0($t6)
  move $a0 $t4
  move $a1 $t7
  sw $t9 0($t0)
  bnez $t0 bounds4
  j _error
bounds4:
  mul $t7 $t4 4
  addu $t7 $t7 $t6
  lw $t6 0($t0)
  sw $t9 0($t0)
  bnez $t0 null6
  la $a0 _str0
  j _error
null6:
  lw $t4 0($t6)
  move $a0 $t3
  move $a1 $t4
  sw $t9 0($t0)
  bnez $t0 bounds5
  j _error
bounds5:
  mul $t4 $t3 4
  addu $t4 $t4 $t6
  lw $t4 0($t4)
  move $t7 $v0
