Error in /home/jackson/Desktop/phase4/Phase4Tester/./Output/Tests/BubbleSort.compiler.out line 261 column 11: "0": operand is of incorrect type
Error in /home/jackson/Desktop/phase4/Phase4Tester/./Output/Tests/BubbleSort.compiler.out line 275 column 11: "1": operand is of incorrect type
Error in /home/jackson/Desktop/phase4/Phase4Tester/./Output/Tests/BubbleSort.compiler.out line 289 column 11: "2": operand is of incorrect type
Error in /home/jackson/Desktop/phase4/Phase4Tester/./Output/Tests/BubbleSort.compiler.out line 303 column 11: "3": operand is of incorrect type
Error in /home/jackson/Desktop/phase4/Phase4Tester/./Output/Tests/BubbleSort.compiler.out line 317 column 11: "4": operand is of incorrect type
Error in /home/jackson/Desktop/phase4/Phase4Tester/./Output/Tests/BubbleSort.compiler.out line 331 column 11: "5": operand is of incorrect type
Error in /home/jackson/Desktop/phase4/Phase4Tester/./Output/Tests/BubbleSort.compiler.out line 345 column 11: "6": operand is of incorrect type
Error in /home/jackson/Desktop/phase4/Phase4Tester/./Output/Tests/BubbleSort.compiler.out line 359 column 11: "7": operand is of incorrect type
Error in /home/jackson/Desktop/phase4/Phase4Tester/./Output/Tests/BubbleSort.compiler.out line 373 column 11: "8": operand is of incorrect type
Error in /home/jackson/Desktop/phase4/Phase4Tester/./Output/Tests/BubbleSort.compiler.out line 387 column 11: "9": operand is of incorrect type

Processing terminated due to errors.
