Error in /home/jackson/Desktop/phase4/Phase4Tester/./Output/Tests/BubbleSort.opt.compiler.out line 244 column 11: "0": operand is of incorrect type
Error in /home/jackson/Desktop/phase4/Phase4Tester/./Output/Tests/BubbleSort.opt.compiler.out line 258 column 11: "1": operand is of incorrect type
Error in /home/jackson/Desktop/phase4/Phase4Tester/./Output/Tests/BubbleSort.opt.compiler.out line 272 column 11: "2": operand is of incorrect type
Error in /home/jackson/Desktop/phase4/Phase4Tester/./Output/Tests/BubbleSort.opt.compiler.out line 286 column 11: "3": operand is of incorrect type
Error in /home/jackson/Desktop/phase4/Phase4Tester/./Output/Tests/BubbleSort.opt.compiler.out line 300 column 11: "4": operand is of incorrect type
Error in /home/jackson/Desktop/phase4/Phase4Tester/./Output/Tests/BubbleSort.opt.compiler.out line 314 column 11: "5": operand is of incorrect type
Error in /home/jackson/Desktop/phase4/Phase4Tester/./Output/Tests/BubbleSort.opt.compiler.out line 328 column 11: "6": operand is of incorrect type
Error in /home/jackson/Desktop/phase4/Phase4Tester/./Output/Tests/BubbleSort.opt.compiler.out line 342 column 11: "7": operand is of incorrect type
Error in /home/jackson/Desktop/phase4/Phase4Tester/./Output/Tests/BubbleSort.opt.compiler.out line 356 column 11: "8": operand is of incorrect type
Error in /home/jackson/Desktop/phase4/Phase4Tester/./Output/Tests/BubbleSort.opt.compiler.out line 370 column 11: "9": operand is of incorrect type

Processing terminated due to errors.
