Error in /home/jackson/Desktop/phase4/Phase4Tester/./Output/Tests/LinearSearch.compiler.out line 207 column 11: "2": operand is of incorrect type

Processing terminated due to errors.
