.data

empty_Element:

empty_List:

empty_LL:

.text

  jal Main
  li $v0 10
  syscall

Main:
  sw $fp -8($sp)
  move $fp $sp
  subu $sp $sp 8
  sw $ra -4($fp)
  la $a0 empty_LL
  jal LL.Start
  move $t0 $v0
  move $a0 $t0
  jal _print
  lw $ra -4($fp)
  lw $fp -8($fp)
  addu $sp $sp 8
  jr $ra

Element.Init:
  sw $fp -8($sp)
  move $fp $sp
  subu $sp $sp 8
  sw $ra -4($fp)
  move $t0 $a0
  move $t1 $a1
  move $t2 $a2
  move $t3 $a3
  move $t0 $v0
