Error in /home/jackson/Desktop/phase4/Phase4Tester/./Output/Tests/LinkedList.compiler.out line 338 column 6: "$s8": operand is of incorrect type
Error in /home/jackson/Desktop/phase4/Phase4Tester/./Output/Tests/LinkedList.compiler.out line 461 column 6: "$s8": operand is of incorrect type

Processing terminated due to errors.
