20
7
12
18
2
11
6
9
19
5
9999
6
11
9
19
5
7
20
2
12
18
0

