Error in /home/jackson/Desktop/phase4/Phase4Tester/./Output/Tests/QuickSort.opt.compiler.out line 372 column 11: "0": operand is of incorrect type
Error in /home/jackson/Desktop/phase4/Phase4Tester/./Output/Tests/QuickSort.opt.compiler.out line 386 column 11: "1": operand is of incorrect type
Error in /home/jackson/Desktop/phase4/Phase4Tester/./Output/Tests/QuickSort.opt.compiler.out line 400 column 11: "2": operand is of incorrect type
Error in /home/jackson/Desktop/phase4/Phase4Tester/./Output/Tests/QuickSort.opt.compiler.out line 414 column 11: "3": operand is of incorrect type
Error in /home/jackson/Desktop/phase4/Phase4Tester/./Output/Tests/QuickSort.opt.compiler.out line 428 column 11: "4": operand is of incorrect type
Error in /home/jackson/Desktop/phase4/Phase4Tester/./Output/Tests/QuickSort.opt.compiler.out line 442 column 11: "5": operand is of incorrect type
Error in /home/jackson/Desktop/phase4/Phase4Tester/./Output/Tests/QuickSort.opt.compiler.out line 456 column 11: "6": operand is of incorrect type
Error in /home/jackson/Desktop/phase4/Phase4Tester/./Output/Tests/QuickSort.opt.compiler.out line 470 column 11: "7": operand is of incorrect type
Error in /home/jackson/Desktop/phase4/Phase4Tester/./Output/Tests/QuickSort.opt.compiler.out line 484 column 11: "8": operand is of incorrect type
Error in /home/jackson/Desktop/phase4/Phase4Tester/./Output/Tests/QuickSort.opt.compiler.out line 498 column 11: "9": operand is of incorrect type

Processing terminated due to errors.
